
> stellarwave@1.0.0 build
> npm run build:backend && npm run build:frontend


> stellarwave@1.0.0 build:backend
> cd backend && npm run build


> stellarwave-backend@0.0.1 build
> nest build

node.exe : [96msrc/auth/api-key.service.ts[0m:[93m3[0m:[93m24[0m - [91merror[0m[90m TS2307: [0mCannot find 
module '../entities/api-key.entity' or its corresponding type declarations.
At line:1 char:1
+ & "C:\Program Files\nodejs/node.exe" "C:\Users\d-ifediorah\AppData\Ro ...
+ ~~~~~~~~~~~~~~~~~~~~~~~~~~~~~~~~~~~~~~~~~~~~~~~~~~~~~~~~~~~~~~~~~~~~~
    + CategoryInfo          : NotSpecified: ([96msrc/auth/a...e declarations.:String) [], RemoteException
    + FullyQualifiedErrorId : NativeCommandError
 

[7m3[0m import { ApiKey } from '../entities/api-key.entity';
[7m [0m [91m                       ~~~~~~~~~~~~~~~~~~~~~~~~~~~~[0m
[96msrc/auth/guards/api-key.guard.ts[0m:[93m2[0m:[93m31[0m - [91merror[0m[90m TS2307: [0mCannot find module 
'./api-key.service' or its corresponding type declarations.

[7m2[0m import { ApiKeyService } from './api-key.service';
[7m [0m [91m                              ~~~~~~~~~~~~~~~~~~~[0m
[96msrc/auth/twofactor.service.ts[0m:[93m2[0m:[93m28[0m - [91merror[0m[90m TS2307: [0mCannot find module 
'speakeasy' or its corresponding type declarations.

[7m2[0m import * as speakeasy from 'speakeasy';
[7m [0m [91m                           ~~~~~~~~~~~[0m
[96msrc/auth/twofactor.service.ts[0m:[93m4[0m:[93m32[0m - [91merror[0m[90m TS2307: [0mCannot find module 
'../user/user.repository' or its corresponding type declarations.

[7m4[0m import { UserRepository } from '../user/user.repository';
[7m [0m [91m                               ~~~~~~~~~~~~~~~~~~~~~~~~~[0m
[96msrc/certificates/certificate.service.ts[0m:[93m34[0m:[93m5[0m - [91merror[0m[90m TS2740: [0mType 
'Uint8Array<ArrayBufferLike>' is missing the following properties from type 'Buffer<ArrayBufferLike>': write, toJSON, 
equals, compare, and 66 more.

[7m34[0m     return pdfBuffer;
[7m  [0m [91m    ~~~~~~[0m
[96msrc/main.ts[0m:[93m74[0m:[93m5[0m - [91merror[0m[90m TS2554: [0mExpected 3 arguments, but got 2.

[7m74[0m     new GlobalExceptionFilter(sentryService, loggingService),
[7m  [0m [91m    ~~~~~~~~~~~~~~~~~~~~~~~~~~~~~~~~~~~~~~~~~~~~~~~~~~~~~~~~[0m

  [96msrc/common/exceptions/global-exception.filter.ts[0m:[93m40[0m:[93m5[0m
    [7m40[0m     private loggingService: LoggingService,
    [7m  [0m [96m    ~~~~~~~~~~~~~~~~~~~~~~~~~~~~~~~~~~~~~~[0m
    An argument for 'loggingService' was not provided.
[96msrc/modules/certificate/certificate.service.ts[0m:[93m258[0m:[93m5[0m - [91merror[0m[90m TS2322: [0mType 
'"revoked"' is not assignable to type 'CertificateStatus'.

[7m258[0m     certificate.status = 'revoked';
[7m   [0m [91m    ~~~~~~~~~~~~~~~~~~[0m
[96msrc/modules/certificate/certificate.service.ts[0m:[93m262[0m:[93m9[0m - [91merror[0m[90m TS2353: 
[0mObject literal may only specify known properties, and 'revocationReason' does not exist in type 
'CertificateMetadata'.

[7m262[0m         revocationReason: reason,
[7m   [0m [91m        ~~~~~~~~~~~~~~~~[0m
[96msrc/modules/certificate/certificate.service.ts[0m:[93m293[0m:[93m5[0m - [91merror[0m[90m TS2322: [0mType 
'"frozen"' is not assignable to type 'CertificateStatus'.

[7m293[0m     certificate.status = 'frozen';
[7m   [0m [91m    ~~~~~~~~~~~~~~~~~~[0m
[96msrc/modules/certificate/certificate.service.ts[0m:[93m297[0m:[93m9[0m - [91merror[0m[90m TS2353: 
[0mObject literal may only specify known properties, and 'freezeReason' does not exist in type 'CertificateMetadata'.

[7m297[0m         freezeReason: reason,
[7m   [0m [91m        ~~~~~~~~~~~~[0m
[96msrc/modules/certificate/certificate.service.ts[0m:[93m328[0m:[93m5[0m - [91merror[0m[90m TS2322: [0mType 
'"active"' is not assignable to type 'CertificateStatus'.

[7m328[0m     certificate.status = 'active';
[7m   [0m [91m    ~~~~~~~~~~~~~~~~~~[0m
[96msrc/modules/certificate/certificate.service.ts[0m:[93m332[0m:[93m9[0m - [91merror[0m[90m TS2353: 
[0mObject literal may only specify known properties, and 'unfreezeReason' does not exist in type 
'CertificateMetadata'.

[7m332[0m         unfreezeReason: reason,
[7m   [0m [91m        ~~~~~~~~~~~~~~[0m
[96msrc/modules/certificate/dto/stats.dto.ts[0m:[93m57[0m:[93m12[0m - [91merror[0m[90m TS2449: [0mClass 
'IssuanceTrendDto' used before its declaration.

[7m57[0m     type: [IssuanceTrendDto],
[7m  [0m [91m           ~~~~~~~~~~~~~~~~[0m

  [96msrc/modules/certificate/dto/stats.dto.ts[0m:[93m74[0m:[93m14[0m
    [7m74[0m export class IssuanceTrendDto {
    [7m  [0m [96m             ~~~~~~~~~~~~~~~~[0m
    'IssuanceTrendDto' is declared here.
[96msrc/modules/certificate/dto/stats.dto.ts[0m:[93m63[0m:[93m12[0m - [91merror[0m[90m TS2449: [0mClass 
'TopIssuerDto' used before its declaration.

[7m63[0m     type: [TopIssuerDto],
[7m  [0m [91m           ~~~~~~~~~~~~[0m

Found 23 error(s).

  [96msrc/modules/certificate/dto/stats.dto.ts[0m:[93m88[0m:[93m14[0m
    [7m88[0m export class TopIssuerDto {
    [7m  [0m [96m             ~~~~~~~~~~~~[0m
    'TopIssuerDto' is declared here.
[96msrc/modules/certificate/dto/stats.dto.ts[0m:[93m69[0m:[93m11[0m - [91merror[0m[90m TS2449: [0mClass 
'VerificationStatsDto' used before its declaration.

[7m69[0m     type: VerificationStatsDto,
[7m  [0m [91m          ~~~~~~~~~~~~~~~~~~~~[0m

  [96msrc/modules/certificate/dto/stats.dto.ts[0m:[93m108[0m:[93m14[0m
    [7m108[0m export class VerificationStatsDto {
    [7m   [0m [96m             ~~~~~~~~~~~~~~~~~~~~[0m
    'VerificationStatsDto' is declared here.
[96msrc/modules/certificate/services/certificate-revocation.service.ts[0m:[93m27[0m:[93m5[0m - 
[91merror[0m[90m TS2322: [0mType '"revoked"' is not assignable to type 'CertificateStatus'.

[7m27[0m     certificate.status = 'revoked';
[7m  [0m [91m    ~~~~~~~~~~~~~~~~~~[0m
[96msrc/modules/certificate/services/certificate-revocation.service.ts[0m:[93m31[0m:[93m9[0m - 
[91merror[0m[90m TS2353: [0mObject literal may only specify known properties, and 'revocationReason' does not 
exist in type 'CertificateMetadata'.

[7m31[0m         revocationReason: reason,
[7m  [0m [91m        ~~~~~~~~~~~~~~~~[0m
[96msrc/modules/certificate/services/certificate-revocation.service.ts[0m:[93m70[0m:[93m5[0m - 
[91merror[0m[90m TS2322: [0mType '"frozen"' is not assignable to type 'CertificateStatus'.

[7m70[0m     certificate.status = 'frozen';
[7m  [0m [91m    ~~~~~~~~~~~~~~~~~~[0m
[96msrc/modules/certificate/services/certificate-revocation.service.ts[0m:[93m74[0m:[93m9[0m - 
[91merror[0m[90m TS2353: [0mObject literal may only specify known properties, and 'freezeReason' does not exist in 
type 'CertificateMetadata'.

[7m74[0m         freezeReason: reason,
[7m  [0m [91m        ~~~~~~~~~~~~[0m
[96msrc/modules/certificate/services/certificate-revocation.service.ts[0m:[93m113[0m:[93m5[0m - 
[91merror[0m[90m TS2322: [0mType '"active"' is not assignable to type 'CertificateStatus'.

[7m113[0m     certificate.status = 'active';
[7m   [0m [91m    ~~~~~~~~~~~~~~~~~~[0m
[96msrc/modules/certificate/services/certificate-revocation.service.ts[0m:[93m117[0m:[93m9[0m - 
[91merror[0m[90m TS2353: [0mObject literal may only specify known properties, and 'unfreezeReason' does not exist 
in type 'CertificateMetadata'.

[7m117[0m         unfreezeReason: reason,
[7m   [0m [91m        ~~~~~~~~~~~~~~[0m
[96msrc/modules/users/services/user-admin.service.ts[0m:[93m19[0m:[93m30[0m - [91merror[0m[90m TS2307: 
[0mCannot find module '../audit/services/audit.service' or its corresponding type declarations.

[7m19[0m import { AuditService } from '../audit/services/audit.service';
[7m  [0m [91m                             ~~~~~~~~~~~~~~~~~~~~~~~~~~~~~~~~~[0m
[96msrc/modules/users/services/user-auth.service.ts[0m:[93m24[0m:[93m30[0m - [91merror[0m[90m TS2307: 
[0mCannot find module '../audit/services/audit.service' or its corresponding type declarations.

[7m24[0m import { AuditService } from '../audit/services/audit.service';
[7m  [0m [91m                             ~~~~~~~~~~~~~~~~~~~~~~~~~~~~~~~~~[0m

npm error Lifecycle script `build` failed with error:
npm error code 1
npm error path C:\Users\d-ifediorah\Downloads\StellarCert\backend
npm error workspace stellarwave-backend@0.0.1
npm error location C:\Users\d-ifediorah\Downloads\StellarCert\backend
npm error command failed
npm error command C:\WINDOWS\system32\cmd.exe /d /s /c nest build
